I'm sorry, but errors were detected in your script. Please correct the
errors listed below, and try again.


File "game/script.rpy", line 30: invalid syntax
    crafts = session.random_craft():
                                    ^
    

Ren'Py Version: Ren'Py 6.99.4.467
